// Jest Snapshot v1, https://goo.gl/fbAQLP

exports[`ui/tabs-buttons should render tab buttons 1`] = `
<div
  className="tab-buttons"
>
  <button
    className="tab"
    onClick={[Function]}
  >
    Overview
  </button>
  <button
    className="tab"
    onClick={[Function]}
  >
    Cypress CI
  </button>
  <button
    className="tab"
    onClick={[Function]}
  >
    Screenshot Differences
  </button>
  <button
    className="tab"
    onClick={[Function]}
  >
    Branch Logs
  </button>
</div>
`;
